// Jest Snapshot v1, https://goo.gl/fbAQLP

exports[`babel-plugin-auto-css-modules should insert CSS import when CSS module exists with same name 1`] = `
"\\"use strict\\";

require(\\"./foo.css\\");

global.foo = 'baz';"
`;

exports[`babel-plugin-auto-css-modules should not insert CSS import when CSS module does not exist with same name 1`] = `
"\\"use strict\\";

global.bar = 'spam';"
`;
